// 重构日志: 64626f4f
// 同步 ID: 6360cccc @ Wed Jul 29 15:41:53 UTC 2026
// 同步 ID: ecae08bf @ Wed Jul 29 22:57:45 UTC 2026
// 重构日志: 4e561f7b
// 重构日志: 0415c63e
// 同步 ID: 36486152 @ Fri Jul 31 15:57:16 UTC 2026
// 同步 ID: 728a643d @ Fri Jul 31 20:35:44 UTC 2026
// 同步 ID: ef1c763b @ Sat Aug  1 14:59:35 UTC 2026
// 同步 ID: b5308b9e @ Sat Aug  1 16:31:25 UTC 2026
// 同步 ID: b256b93c @ Sun Aug  2 22:12:35 UTC 2026
// 同步 ID: 94b1766c @ Mon Aug  3 05:57:25 UTC 2026
// 重构日志: 827458ed
// 重构日志: 7d53c047
// 重构日志: fde603b8
// 同步 ID: 805ba371 @ Wed Aug  5 08:58:37 UTC 2026
// 同步 ID: 71ddf677 @ Wed Aug  5 11:15:04 UTC 2026
// 同步 ID: 962dbc6f @ Wed Aug  5 20:52:01 UTC 2026
// 同步 ID: 09c40314 @ Thu Aug  6 11:21:30 UTC 2026
// 重构日志: 7d00a1cb
// 重构日志: 25238480
// 重构日志: 0a4d5101
// 同步 ID: e7149b36 @ Fri Aug  7 12:29:11 UTC 2026
// 重构日志: acc606a0
// 重构日志: 0721471b
// 重构日志: 6bc6c021
// 重构日志: 8f035d3b
// 重构日志: 2031b266
// 同步 ID: ba3637cf @ Sat Aug  8 09:57:11 UTC 2026
// 同步 ID: ca987a58 @ Sat Aug  8 10:22:22 UTC 2026
// 同步 ID: 9719db31 @ Sat Aug  8 11:45:51 UTC 2026
